// Jest Snapshot v1, https://goo.gl/fbAQLP

exports[`BlogWidget should render properly 1`] = `
<div
  class="makeStyles-flexContainer-1 undefined"
>
  <div
    class="MuiContainer-root MuiContainer-maxWidthLg"
    style="max-height: 100%; height: 600px;"
  >
    <div
      style="height: 15%;"
    >
      <div
        style="text-align: center; height: 50%;"
      >
        <h2
          class="makeStyles-heading-9"
        >
          <strong>
             
            Blog
             
          </strong>
        </h2>
      </div>
      <p
        style="display: block; text-align: center; height: 50%; box-sizing: border-box;"
      >
        Know what I am thinking:
      </p>
    </div>
    <div
      style="height: 75%;"
    />
    <div
      class="MuiGrid-root MuiGrid-container MuiGrid-align-items-xs-flex-end MuiGrid-justify-xs-center"
      style="max-height: 10%;"
    >
      <button
        class="MuiButtonBase-root MuiButton-root MuiButton-outlined MuiButton-outlinedSecondary"
        tabindex="0"
        type="button"
      >
        <span
          class="MuiButton-label"
        >
          View more
        </span>
        <span
          class="MuiTouchRipple-root"
        />
      </button>
    </div>
  </div>
</div>
`;
