// Jest Snapshot v1, https://goo.gl/fbAQLP

exports[`PortfolioWidget should render properly 1`] = `
<div
  class="makeStyles-flexContainer-1 undefined"
>
  <div
    class="MuiContainer-root MuiContainer-maxWidthLg"
    style="max-height: 100%;"
  >
    <div
      style="text-align: center;"
    >
      <h2
        style="text-align: center;"
      >
        <strong>
          Games
        </strong>
      </h2>
      <p>
        I enjoy gaming, and I made myself some small games:
      </p>
    </div>
    <div
      class="slide-in"
      style="opacity: 0.09999999999999998; transform: matrix(1,0,0,1,0,50);"
    >
      <div
        style="display: inline-block; width: 100%; margin: 0px; height: 100%;"
      >
        <div
          class="MuiGrid-root MuiGrid-container MuiGrid-spacing-xs-3 MuiGrid-justify-xs-space-around"
          style="height: 100%;"
        >
          <div
            class="MuiGrid-root MuiGrid-item MuiGrid-grid-xs-5"
            style="height: 400px;"
          >
            <div
              class="MuiPaper-root MuiPaper-elevation1 MuiCard-root makeStyles-card-112 MuiPaper-rounded"
            >
              <button
                class="MuiButtonBase-root MuiCardActionArea-root makeStyles-action-114"
                tabindex="0"
                type="button"
              >
                <div
                  class="MuiGrid-root makeStyles-media-113 MuiGrid-container MuiGrid-align-items-xs-center MuiGrid-justify-xs-center"
                  style="background-color: white;"
                  title="title"
                >
                  <div
                    style="margin: 5%;"
                  >
                    <h1>
                      <strong>
                        title
                      </strong>
                    </h1>
                  </div>
                </div>
                <div
                  class="MuiGrid-root makeStyles-content-115 MuiGrid-container MuiGrid-align-items-xs-center MuiGrid-justify-xs-center"
                >
                  <div
                    class="MuiCardContent-root"
                  >
                    <h2
                      class="MuiTypography-root MuiTypography-h5 MuiTypography-gutterBottom"
                    >
                      title
                    </h2>
                    <p
                      class="MuiTypography-root MuiTypography-body2"
                      style="color: rgba(255, 255, 255, 0.8);"
                    >
                      description
                    </p>
                  </div>
                </div>
                <span
                  class="MuiCardActionArea-focusHighlight"
                />
                <span
                  class="MuiTouchRipple-root"
                />
              </button>
            </div>
          </div>
        </div>
      </div>
    </div>
  </div>
</div>
`;
